{
	"id": "RLSA-2023:3319",
	"advisories": [
		{
			"content": {
				"id": "RLSA-2023:3319",
				"title": "Important: go-toolset:Rocky Linux8 security update",
				"description": "Go Toolset provides the Go programming language tools and libraries. Go is alternatively known as golang. \n\nSecurity Fix(es):\n\n* golang: html/template: improper handling of JavaScript whitespace (CVE-2023-24540)\n\nFor more details about the security issue(s), including the impact, a CVSS score, acknowledgments, and other related information, refer to the CVE page(s) listed in the References section.",
				"severity": [
					{
						"type": "vendor",
						"source": "errata.rockylinux.org",
						"vendor": "IMPORTANT"
					}
				],
				"references": [
					{
						"source": "MITRE",
						"url": "https://cve.mitre.org/cgi-bin/cvename.cgi?name=CVE-2023-24540"
					},
					{
						"source": "Red Hat",
						"url": "https://bugzilla.redhat.com/show_bug.cgi?id=2196027"
					},
					{
						"source": "errata.rockylinux.org",
						"url": "https://errata.rockylinux.org/RLSA-2023:3319"
					}
				],
				"published": "2023-05-25T17:22:28.20243Z"
			}
		}
	],
	"vulnerabilities": [
		{
			"content": {
				"id": "CVE-2023-24540",
				"references": [
					{
						"source": "MITRE",
						"url": "https://cve.mitre.org/cgi-bin/cvename.cgi?name=CVE-2023-24540"
					}
				]
			}
		}
	],
	"data_source": {
		"id": "rocky-errata",
		"raws": [
			"fixtures/2023/RLSA-2023:3319.json"
		]
	}
}
