{
	"id": "FEDORA-MODULAR-2023-5b8a7bde59",
	"advisories": [
		{
			"content": {
				"id": "FEDORA-MODULAR-2023-5b8a7bde59",
				"title": "mysql-8.0-3820230907003352.75741a8b",
				"description": "**MySQL 8.0.34**\n\nRelease notes:\n\n    https://dev.mysql.com/doc/relnotes/mysql/8.0/en/news-8-0-34.html",
				"severity": [
					{
						"type": "vendor",
						"source": "fedoraproject.org",
						"vendor": "medium"
					}
				],
				"references": [
					{
						"source": "fedoraproject.org",
						"url": "https://bodhi.fedoraproject.org/updates/FEDORA-MODULAR-2023-5b8a7bde59"
					}
				],
				"published": "2023-09-07T10:08:39Z"
			},
			"segments": [
				{
					"ecosystem": "fedora:38"
				}
			]
		}
	],
	"vulnerabilities": [
		{
			"content": {
				"id": "CVE-2022-21594",
				"title": "CVE-2022-21594 mysql: Server: Optimizer unspecified vulnerability (CPU Oct 2022)",
				"severity": [
					{
						"type": "vendor",
						"source": "fedoraproject.org",
						"vendor": "medium"
					}
				],
				"references": [
					{
						"source": "fedoraproject.org",
						"url": "https://bugzilla.redhat.com/show_bug.cgi?id=2142861"
					}
				],
				"published": "2022-11-15T11:28:08Z",
				"modified": "2023-09-22T09:14:13Z"
			},
			"segments": [
				{
					"ecosystem": "fedora:38"
				}
			]
		},
		{
			"content": {
				"id": "CVE-2022-21599",
				"title": "CVE-2022-21599 mysql: Server: Stored Procedure unspecified vulnerability (CPU Oct 2022)",
				"severity": [
					{
						"type": "vendor",
						"source": "fedoraproject.org",
						"vendor": "medium"
					}
				],
				"references": [
					{
						"source": "fedoraproject.org",
						"url": "https://bugzilla.redhat.com/show_bug.cgi?id=2142863"
					}
				],
				"published": "2022-11-15T11:28:20Z",
				"modified": "2023-09-22T09:14:37Z"
			},
			"segments": [
				{
					"ecosystem": "fedora:38"
				}
			]
		},
		{
			"content": {
				"id": "CVE-2022-21604",
				"title": "CVE-2022-21604 mysql: InnoDB unspecified vulnerability (CPU Oct 2022)",
				"severity": [
					{
						"type": "vendor",
						"source": "fedoraproject.org",
						"vendor": "medium"
					}
				],
				"references": [
					{
						"source": "fedoraproject.org",
						"url": "https://bugzilla.redhat.com/show_bug.cgi?id=2142865"
					}
				],
				"published": "2022-11-15T11:28:31Z",
				"modified": "2023-09-22T09:14:52Z"
			},
			"segments": [
				{
					"ecosystem": "fedora:38"
				}
			]
		},
		{
			"content": {
				"id": "CVE-2022-21608",
				"title": "CVE-2022-21608 mysql: Server: Optimizer unspecified vulnerability (CPU Oct 2022)",
				"severity": [
					{
						"type": "vendor",
						"source": "fedoraproject.org",
						"vendor": "medium"
					}
				],
				"references": [
					{
						"source": "fedoraproject.org",
						"url": "https://bugzilla.redhat.com/show_bug.cgi?id=2142868"
					}
				],
				"published": "2022-11-15T11:28:48Z",
				"modified": "2023-09-22T09:15:24Z"
			},
			"segments": [
				{
					"ecosystem": "fedora:38"
				}
			]
		},
		{
			"content": {
				"id": "CVE-2022-21611",
				"title": "CVE-2022-21611 mysql: InnoDB unspecified vulnerability (CPU Oct 2022)",
				"severity": [
					{
						"type": "vendor",
						"source": "fedoraproject.org",
						"vendor": "medium"
					}
				],
				"references": [
					{
						"source": "fedoraproject.org",
						"url": "https://bugzilla.redhat.com/show_bug.cgi?id=2142869"
					}
				],
				"published": "2022-11-15T11:28:54Z",
				"modified": "2023-09-22T09:15:32Z"
			},
			"segments": [
				{
					"ecosystem": "fedora:38"
				}
			]
		},
		{
			"content": {
				"id": "CVE-2022-21617",
				"title": "CVE-2022-21617 mysql: Server: Connection Handling unspecified vulnerability (CPU Oct 2022)",
				"severity": [
					{
						"type": "vendor",
						"source": "fedoraproject.org",
						"vendor": "medium"
					}
				],
				"references": [
					{
						"source": "fedoraproject.org",
						"url": "https://bugzilla.redhat.com/show_bug.cgi?id=2142870"
					}
				],
				"published": "2022-11-15T11:29:00Z",
				"modified": "2023-09-22T09:15:40Z"
			},
			"segments": [
				{
					"ecosystem": "fedora:38"
				}
			]
		},
		{
			"content": {
				"id": "CVE-2022-21625",
				"title": "CVE-2022-21625 mysql: Server: Optimizer unspecified vulnerability (CPU Oct 2022)",
				"severity": [
					{
						"type": "vendor",
						"source": "fedoraproject.org",
						"vendor": "medium"
					}
				],
				"references": [
					{
						"source": "fedoraproject.org",
						"url": "https://bugzilla.redhat.com/show_bug.cgi?id=2142871"
					}
				],
				"published": "2022-11-15T11:29:06Z",
				"modified": "2023-09-22T09:15:47Z"
			},
			"segments": [
				{
					"ecosystem": "fedora:38"
				}
			]
		},
		{
			"content": {
				"id": "CVE-2022-21632",
				"title": "CVE-2022-21632 mysql: Server: Security: Privileges unspecified vulnerability (CPU Oct 2022)",
				"severity": [
					{
						"type": "vendor",
						"source": "fedoraproject.org",
						"vendor": "medium"
					}
				],
				"references": [
					{
						"source": "fedoraproject.org",
						"url": "https://bugzilla.redhat.com/show_bug.cgi?id=2142872"
					}
				],
				"published": "2022-11-15T11:29:11Z",
				"modified": "2023-09-22T09:15:56Z"
			},
			"segments": [
				{
					"ecosystem": "fedora:38"
				}
			]
		},
		{
			"content": {
				"id": "CVE-2022-21633",
				"title": "CVE-2022-21633 mysql: Server: Replication unspecified vulnerability (CPU Oct 2022)",
				"severity": [
					{
						"type": "vendor",
						"source": "fedoraproject.org",
						"vendor": "medium"
					}
				],
				"references": [
					{
						"source": "fedoraproject.org",
						"url": "https://bugzilla.redhat.com/show_bug.cgi?id=2142873"
					}
				],
				"published": "2022-11-15T11:29:16Z",
				"modified": "2023-09-22T09:16:03Z"
			},
			"segments": [
				{
					"ecosystem": "fedora:38"
				}
			]
		},
		{
			"content": {
				"id": "CVE-2022-21637",
				"title": "CVE-2022-21637 mysql: InnoDB unspecified vulnerability (CPU Oct 2022)",
				"severity": [
					{
						"type": "vendor",
						"source": "fedoraproject.org",
						"vendor": "medium"
					}
				],
				"references": [
					{
						"source": "fedoraproject.org",
						"url": "https://bugzilla.redhat.com/show_bug.cgi?id=2142875"
					}
				],
				"published": "2022-11-15T11:29:27Z",
				"modified": "2023-09-22T09:16:17Z"
			},
			"segments": [
				{
					"ecosystem": "fedora:38"
				}
			]
		},
		{
			"content": {
				"id": "CVE-2022-21640",
				"title": "CVE-2022-21640 mysql: Server: Optimizer unspecified vulnerability (CPU Oct 2022)",
				"severity": [
					{
						"type": "vendor",
						"source": "fedoraproject.org",
						"vendor": "medium"
					}
				],
				"references": [
					{
						"source": "fedoraproject.org",
						"url": "https://bugzilla.redhat.com/show_bug.cgi?id=2142877"
					}
				],
				"published": "2022-11-15T11:29:39Z",
				"modified": "2023-09-22T09:16:30Z"
			},
			"segments": [
				{
					"ecosystem": "fedora:38"
				}
			]
		},
		{
			"content": {
				"id": "CVE-2022-39400",
				"title": "CVE-2022-39400 mysql: Server: Optimizer unspecified vulnerability (CPU Oct 2022)",
				"severity": [
					{
						"type": "vendor",
						"source": "fedoraproject.org",
						"vendor": "medium"
					}
				],
				"references": [
					{
						"source": "fedoraproject.org",
						"url": "https://bugzilla.redhat.com/show_bug.cgi?id=2142879"
					}
				],
				"published": "2022-11-15T11:29:51Z",
				"modified": "2023-09-22T09:16:50Z"
			},
			"segments": [
				{
					"ecosystem": "fedora:38"
				}
			]
		},
		{
			"content": {
				"id": "CVE-2022-39408",
				"title": "CVE-2022-39408 mysql: Server: Optimizer unspecified vulnerability (CPU Oct 2022)",
				"severity": [
					{
						"type": "vendor",
						"source": "fedoraproject.org",
						"vendor": "medium"
					}
				],
				"references": [
					{
						"source": "fedoraproject.org",
						"url": "https://bugzilla.redhat.com/show_bug.cgi?id=2142880"
					}
				],
				"published": "2022-11-15T11:29:56Z",
				"modified": "2023-09-22T09:16:57Z"
			},
			"segments": [
				{
					"ecosystem": "fedora:38"
				}
			]
		},
		{
			"content": {
				"id": "CVE-2022-39410",
				"title": "CVE-2022-39410 mysql: Server: Optimizer unspecified vulnerability (CPU Oct 2022)",
				"severity": [
					{
						"type": "vendor",
						"source": "fedoraproject.org",
						"vendor": "medium"
					}
				],
				"references": [
					{
						"source": "fedoraproject.org",
						"url": "https://bugzilla.redhat.com/show_bug.cgi?id=2142881"
					}
				],
				"published": "2022-11-15T11:30:02Z",
				"modified": "2023-09-22T09:17:06Z"
			},
			"segments": [
				{
					"ecosystem": "fedora:38"
				}
			]
		},
		{
			"content": {
				"id": "CVE-2023-21864",
				"title": "CVE-2023-21864 mysql: Server: Optimizer unspecified vulnerability (CPU Jan 2023)",
				"severity": [
					{
						"type": "vendor",
						"source": "fedoraproject.org",
						"vendor": "medium"
					}
				],
				"references": [
					{
						"source": "fedoraproject.org",
						"url": "https://bugzilla.redhat.com/show_bug.cgi?id=2162271"
					}
				],
				"published": "2023-01-19T09:22:55Z",
				"modified": "2023-09-22T09:19:05Z"
			},
			"segments": [
				{
					"ecosystem": "fedora:38"
				}
			]
		},
		{
			"content": {
				"id": "CVE-2023-21865",
				"title": "CVE-2023-21865 mysql: Server: Optimizer unspecified vulnerability (CPU Jan 2023)",
				"severity": [
					{
						"type": "vendor",
						"source": "fedoraproject.org",
						"vendor": "medium"
					}
				],
				"references": [
					{
						"source": "fedoraproject.org",
						"url": "https://bugzilla.redhat.com/show_bug.cgi?id=2162272"
					}
				],
				"published": "2023-01-19T09:23:01Z",
				"modified": "2023-09-22T09:19:09Z"
			},
			"segments": [
				{
					"ecosystem": "fedora:38"
				}
			]
		},
		{
			"content": {
				"id": "CVE-2023-21874",
				"title": "CVE-2023-21874 mysql: Server: Thread Pooling unspecified vulnerability (CPU Jan 2023)",
				"severity": [
					{
						"type": "vendor",
						"source": "fedoraproject.org",
						"vendor": "low"
					}
				],
				"references": [
					{
						"source": "fedoraproject.org",
						"url": "https://bugzilla.redhat.com/show_bug.cgi?id=2162281"
					}
				],
				"published": "2023-01-19T09:23:49Z",
				"modified": "2023-09-22T09:20:48Z"
			},
			"segments": [
				{
					"ecosystem": "fedora:38"
				}
			]
		},
		{
			"content": {
				"id": "CVE-2023-21912",
				"title": "CVE-2023-21912 mysql: Server: Security: Privileges unspecified vulnerability (CPU Apr 2023)",
				"severity": [
					{
						"type": "vendor",
						"source": "fedoraproject.org",
						"vendor": "high"
					}
				],
				"references": [
					{
						"source": "fedoraproject.org",
						"url": "https://bugzilla.redhat.com/show_bug.cgi?id=2188110"
					}
				],
				"published": "2023-04-19T20:02:39Z",
				"modified": "2023-05-17T03:44:59Z"
			},
			"segments": [
				{
					"ecosystem": "fedora:38"
				}
			]
		},
		{
			"content": {
				"id": "CVE-2023-21917",
				"title": "CVE-2023-21917 mysql: Server: Optimizer unspecified vulnerability (CPU Apr 2023)",
				"severity": [
					{
						"type": "vendor",
						"source": "fedoraproject.org",
						"vendor": "medium"
					}
				],
				"references": [
					{
						"source": "fedoraproject.org",
						"url": "https://bugzilla.redhat.com/show_bug.cgi?id=2188112"
					}
				],
				"published": "2023-04-19T20:02:49Z",
				"modified": "2023-09-22T09:24:10Z"
			},
			"segments": [
				{
					"ecosystem": "fedora:38"
				}
			]
		}
	],
	"detections": [
		{
			"ecosystem": "fedora:38",
			"conditions": [
				{
					"criteria": {
						"operator": "OR",
						"criterions": [
							{
								"type": "version",
								"version": {
									"vulnerable": true,
									"fix_status": {
										"class": "fixed"
									},
									"package": {
										"type": "binary",
										"binary": {
											"name": "mysql:8.0::community-mysql-errmsg",
											"architectures": [
												"ppc64le",
												"s390x",
												"x86_64",
												"aarch64",
												"i686"
											]
										}
									},
									"affected": {
										"type": "rpm",
										"range": [
											{
												"lt": "0:8.0.34-2.module_f38+17431+1f3fdb0a"
											}
										],
										"fixed": [
											"0:8.0.34-2.module_f38+17431+1f3fdb0a"
										]
									}
								}
							},
							{
								"type": "version",
								"version": {
									"vulnerable": true,
									"fix_status": {
										"class": "fixed"
									},
									"package": {
										"type": "binary",
										"binary": {
											"name": "mysql:8.0::community-mysql-libs",
											"architectures": [
												"aarch64",
												"i686",
												"ppc64le",
												"s390x",
												"x86_64"
											]
										}
									},
									"affected": {
										"type": "rpm",
										"range": [
											{
												"lt": "0:8.0.34-2.module_f38+17431+1f3fdb0a"
											}
										],
										"fixed": [
											"0:8.0.34-2.module_f38+17431+1f3fdb0a"
										]
									}
								}
							},
							{
								"type": "version",
								"version": {
									"vulnerable": true,
									"fix_status": {
										"class": "fixed"
									},
									"package": {
										"type": "binary",
										"binary": {
											"name": "mysql:8.0::community-mysql-server",
											"architectures": [
												"i686",
												"ppc64le",
												"s390x",
												"x86_64",
												"aarch64"
											]
										}
									},
									"affected": {
										"type": "rpm",
										"range": [
											{
												"lt": "0:8.0.34-2.module_f38+17431+1f3fdb0a"
											}
										],
										"fixed": [
											"0:8.0.34-2.module_f38+17431+1f3fdb0a"
										]
									}
								}
							},
							{
								"type": "version",
								"version": {
									"vulnerable": true,
									"fix_status": {
										"class": "fixed"
									},
									"package": {
										"type": "binary",
										"binary": {
											"name": "mysql:8.0::community-mysql-server-debuginfo",
											"architectures": [
												"ppc64le",
												"s390x",
												"x86_64",
												"aarch64",
												"i686"
											]
										}
									},
									"affected": {
										"type": "rpm",
										"range": [
											{
												"lt": "0:8.0.34-2.module_f38+17431+1f3fdb0a"
											}
										],
										"fixed": [
											"0:8.0.34-2.module_f38+17431+1f3fdb0a"
										]
									}
								}
							},
							{
								"type": "version",
								"version": {
									"vulnerable": true,
									"fix_status": {
										"class": "fixed"
									},
									"package": {
										"type": "binary",
										"binary": {
											"name": "mysql:8.0::community-mysql",
											"architectures": [
												"aarch64",
												"i686",
												"ppc64le",
												"s390x",
												"src",
												"x86_64"
											]
										}
									},
									"affected": {
										"type": "rpm",
										"range": [
											{
												"lt": "0:8.0.34-2.module_f38+17431+1f3fdb0a"
											}
										],
										"fixed": [
											"0:8.0.34-2.module_f38+17431+1f3fdb0a"
										]
									}
								}
							},
							{
								"type": "version",
								"version": {
									"vulnerable": true,
									"fix_status": {
										"class": "fixed"
									},
									"package": {
										"type": "binary",
										"binary": {
											"name": "mysql:8.0::community-mysql-debuginfo",
											"architectures": [
												"s390x",
												"x86_64",
												"aarch64",
												"i686",
												"ppc64le"
											]
										}
									},
									"affected": {
										"type": "rpm",
										"range": [
											{
												"lt": "0:8.0.34-2.module_f38+17431+1f3fdb0a"
											}
										],
										"fixed": [
											"0:8.0.34-2.module_f38+17431+1f3fdb0a"
										]
									}
								}
							},
							{
								"type": "version",
								"version": {
									"vulnerable": true,
									"fix_status": {
										"class": "fixed"
									},
									"package": {
										"type": "binary",
										"binary": {
											"name": "mysql:8.0::community-mysql-libs-debuginfo",
											"architectures": [
												"x86_64",
												"aarch64",
												"i686",
												"ppc64le",
												"s390x"
											]
										}
									},
									"affected": {
										"type": "rpm",
										"range": [
											{
												"lt": "0:8.0.34-2.module_f38+17431+1f3fdb0a"
											}
										],
										"fixed": [
											"0:8.0.34-2.module_f38+17431+1f3fdb0a"
										]
									}
								}
							},
							{
								"type": "version",
								"version": {
									"vulnerable": true,
									"fix_status": {
										"class": "fixed"
									},
									"package": {
										"type": "binary",
										"binary": {
											"name": "mysql:8.0::community-mysql-test",
											"architectures": [
												"x86_64",
												"aarch64",
												"i686",
												"ppc64le",
												"s390x"
											]
										}
									},
									"affected": {
										"type": "rpm",
										"range": [
											{
												"lt": "0:8.0.34-2.module_f38+17431+1f3fdb0a"
											}
										],
										"fixed": [
											"0:8.0.34-2.module_f38+17431+1f3fdb0a"
										]
									}
								}
							},
							{
								"type": "version",
								"version": {
									"vulnerable": true,
									"fix_status": {
										"class": "fixed"
									},
									"package": {
										"type": "binary",
										"binary": {
											"name": "mysql:8.0::community-mysql-test-debuginfo",
											"architectures": [
												"aarch64",
												"i686",
												"ppc64le",
												"s390x",
												"x86_64"
											]
										}
									},
									"affected": {
										"type": "rpm",
										"range": [
											{
												"lt": "0:8.0.34-2.module_f38+17431+1f3fdb0a"
											}
										],
										"fixed": [
											"0:8.0.34-2.module_f38+17431+1f3fdb0a"
										]
									}
								}
							},
							{
								"type": "version",
								"version": {
									"vulnerable": true,
									"fix_status": {
										"class": "fixed"
									},
									"package": {
										"type": "binary",
										"binary": {
											"name": "mysql:8.0::community-mysql-common",
											"architectures": [
												"ppc64le",
												"s390x",
												"x86_64",
												"aarch64",
												"i686"
											]
										}
									},
									"affected": {
										"type": "rpm",
										"range": [
											{
												"lt": "0:8.0.34-2.module_f38+17431+1f3fdb0a"
											}
										],
										"fixed": [
											"0:8.0.34-2.module_f38+17431+1f3fdb0a"
										]
									}
								}
							},
							{
								"type": "version",
								"version": {
									"vulnerable": true,
									"fix_status": {
										"class": "fixed"
									},
									"package": {
										"type": "binary",
										"binary": {
											"name": "mysql:8.0::community-mysql-debugsource",
											"architectures": [
												"aarch64",
												"i686",
												"ppc64le",
												"s390x",
												"x86_64"
											]
										}
									},
									"affected": {
										"type": "rpm",
										"range": [
											{
												"lt": "0:8.0.34-2.module_f38+17431+1f3fdb0a"
											}
										],
										"fixed": [
											"0:8.0.34-2.module_f38+17431+1f3fdb0a"
										]
									}
								}
							},
							{
								"type": "version",
								"version": {
									"vulnerable": true,
									"fix_status": {
										"class": "fixed"
									},
									"package": {
										"type": "binary",
										"binary": {
											"name": "mysql:8.0::community-mysql-devel",
											"architectures": [
												"i686",
												"ppc64le",
												"s390x",
												"x86_64",
												"aarch64"
											]
										}
									},
									"affected": {
										"type": "rpm",
										"range": [
											{
												"lt": "0:8.0.34-2.module_f38+17431+1f3fdb0a"
											}
										],
										"fixed": [
											"0:8.0.34-2.module_f38+17431+1f3fdb0a"
										]
									}
								}
							},
							{
								"type": "version",
								"version": {
									"vulnerable": true,
									"fix_status": {
										"class": "fixed"
									},
									"package": {
										"type": "binary",
										"binary": {
											"name": "mysql:8.0::community-mysql-devel-debuginfo",
											"architectures": [
												"i686",
												"ppc64le",
												"s390x",
												"x86_64",
												"aarch64"
											]
										}
									},
									"affected": {
										"type": "rpm",
										"range": [
											{
												"lt": "0:8.0.34-2.module_f38+17431+1f3fdb0a"
											}
										],
										"fixed": [
											"0:8.0.34-2.module_f38+17431+1f3fdb0a"
										]
									}
								}
							}
						]
					}
				}
			]
		}
	],
	"data_source": {
		"id": "fedora",
		"raws": [
			"fixtures/F38M/2023/FEDORA-MODULAR-2023-5b8a7bde59.json"
		]
	}
}
