{
	"type": "relationship",
	"id": "relationship--a23ab6bc-e5cc-46a9-b77f-747ae6fc6a9b",
	"created": "2017-12-14T16:46:06.044Z",
	"created_by_ref": "identity--c78cb6e5-0c4b-4611-8297-d1b8b55e40b5",
	"description": "[Mis-Type](https://attack.mitre.org/software/S0084) communicates over common ports such as TCP 80, 443, and 25.(Citation: Cylance Dust Storm)",
	"external_references": [
		{
			"description": "Gross, J. (2016, February 23). Operation Dust Storm. Retrieved December 22, 2021.",
			"source_name": "Cylance Dust Storm",
			"url": "https://s7d2.scene7.com/is/content/cylance/prod/cylance-web/en-us/resources/knowledge-center/resource-library/reports/Op_Dust_Storm_Report.pdf"
		}
	],
	"modified": "2022-10-25T14:00:00.188Z",
	"object_marking_refs": [
		"marking-definition--fa42a846-8d90-4e51-bc29-71d5b4802168"
	],
	"relationship_type": "uses",
	"source_ref": "malware--e1161124-f22e-487f-9d5f-ed8efc8dcd61",
	"spec_version": "2.1",
	"target_ref": "attack-pattern--f879d51c-5476-431c-aedf-f14d207e4d1e",
	"x_mitre_attack_spec_version": "2.1.0",
	"x_mitre_deprecated": true,
	"x_mitre_domains": [
		"enterprise-attack"
	],
	"x_mitre_modified_by_ref": "identity--c78cb6e5-0c4b-4611-8297-d1b8b55e40b5",
	"x_mitre_version": "1.0"
}
