{
	"id": "oval:com.oracle.olamsa:tst:20250002007",
	"version": "501",
	"comment": "python3.11-cryptography is earlier than 0:41.0.7-1.0.1.el8",
	"check": "at least one",
	"xmlns": "http://oval.mitre.org/XMLSchema/oval-definitions-5#linux",
	"object": {
		"object_ref": "oval:com.oracle.olamsa:obj:20250002004"
	},
	"state": {
		"state_ref": "oval:com.oracle.olamsa:ste:20250002005"
	}
}
