{
	"major": "10",
	"type": "package",
	"reference": "resilient-storage-addon",
	"packages": [
		{
			"package": "booth",
			"license": "GPLv2+",
			"compatibility_level": "2"
		},
		{
			"package": "booth-arbitrator",
			"license": "GPLv2+",
			"compatibility_level": "2"
		},
		{
			"package": "booth-core",
			"license": "GPLv2+",
			"compatibility_level": "2"
		},
		{
			"package": "booth-site",
			"license": "GPLv2+",
			"compatibility_level": "2"
		},
		{
			"package": "booth-test",
			"license": "GPLv2+",
			"compatibility_level": "2"
		}
	]
}
