{
	"id": "oval:org.opensuse.security:obj:2009031989",
	"version": "1",
	"xmlns": "http://oval.mitre.org/XMLSchema/oval-definitions-5#linux",
	"Name": "suse-release"
}
