{
	"id": "FEDORA-2023-bd14c83780",
	"advisories": [
		{
			"content": {
				"id": "FEDORA-2023-bd14c83780",
				"title": "kernel-6.6.2-101.fc38 kernel-headers-6.6.2-101.fc38 kernel-tools-6.6.2-100.fc38",
				"description": "The 6.6.2 kernel rebase contains new features, additional hardware support, and a number of important fixes across the tree.",
				"severity": [
					{
						"type": "vendor",
						"source": "fedoraproject.org",
						"vendor": "unspecified"
					}
				],
				"references": [
					{
						"source": "fedoraproject.org",
						"url": "https://bodhi.fedoraproject.org/updates/FEDORA-2023-bd14c83780"
					}
				],
				"published": "2023-11-23T14:11:15Z"
			},
			"segments": [
				{
					"ecosystem": "fedora:38"
				}
			]
		}
	],
	"vulnerabilities": [
		{
			"content": {
				"id": "CVE-2023-31083",
				"title": "CVE-2023-31083 kernel: race condition between HCIUARTSETPROTO and HCIUARTGETPROTO in hci_uart_tty_ioctl",
				"severity": [
					{
						"type": "vendor",
						"source": "fedoraproject.org",
						"vendor": "medium"
					}
				],
				"references": [
					{
						"source": "fedoraproject.org",
						"url": "https://bugzilla.redhat.com/show_bug.cgi?id=2213132"
					}
				],
				"published": "2023-06-07T08:13:27Z",
				"modified": "2023-10-29T11:27:18Z"
			},
			"segments": [
				{
					"ecosystem": "fedora:38"
				}
			]
		},
		{
			"content": {
				"id": "CVE-2023-31083",
				"title": "CVE-2023-31083 kernel: race condition between HCIUARTSETPROTO and HCIUARTGETPROTO in hci_uart_tty_ioctl",
				"severity": [
					{
						"type": "vendor",
						"source": "fedoraproject.org",
						"vendor": "medium"
					}
				],
				"references": [
					{
						"source": "fedoraproject.org",
						"url": "https://bugzilla.redhat.com/show_bug.cgi?id=2213132"
					}
				],
				"published": "2023-06-07T08:13:27Z",
				"modified": "2023-10-29T11:27:18Z"
			},
			"segments": [
				{
					"ecosystem": "fedora:38"
				}
			]
		}
	],
	"detections": [
		{
			"ecosystem": "fedora:38",
			"conditions": [
				{
					"criteria": {
						"operator": "OR",
						"criterions": [
							{
								"type": "version",
								"version": {
									"vulnerable": true,
									"fix_status": {
										"class": "fixed"
									},
									"package": {
										"type": "binary",
										"binary": {
											"name": "kernel-doc",
											"architectures": [
												"noarch"
											]
										}
									},
									"affected": {
										"type": "rpm",
										"range": [
											{
												"lt": "0:6.6.2-101.fc38"
											}
										],
										"fixed": [
											"0:6.6.2-101.fc38"
										]
									}
								}
							},
							{
								"type": "version",
								"version": {
									"vulnerable": true,
									"fix_status": {
										"class": "fixed"
									},
									"package": {
										"type": "binary",
										"binary": {
											"name": "kernel-debuginfo-common-s390x",
											"architectures": [
												"s390x"
											]
										}
									},
									"affected": {
										"type": "rpm",
										"range": [
											{
												"lt": "0:6.6.2-101.fc38"
											}
										],
										"fixed": [
											"0:6.6.2-101.fc38"
										]
									}
								}
							},
							{
								"type": "version",
								"version": {
									"vulnerable": true,
									"fix_status": {
										"class": "fixed"
									},
									"package": {
										"type": "binary",
										"binary": {
											"name": "kernel-devel-matched",
											"architectures": [
												"x86_64",
												"aarch64",
												"ppc64le",
												"s390x"
											]
										}
									},
									"affected": {
										"type": "rpm",
										"range": [
											{
												"lt": "0:6.6.2-101.fc38"
											}
										],
										"fixed": [
											"0:6.6.2-101.fc38"
										]
									}
								}
							},
							{
								"type": "version",
								"version": {
									"vulnerable": true,
									"fix_status": {
										"class": "fixed"
									},
									"package": {
										"type": "binary",
										"binary": {
											"name": "kernel-debug",
											"architectures": [
												"aarch64",
												"x86_64"
											]
										}
									},
									"affected": {
										"type": "rpm",
										"range": [
											{
												"lt": "0:6.6.2-101.fc38"
											}
										],
										"fixed": [
											"0:6.6.2-101.fc38"
										]
									}
								}
							},
							{
								"type": "version",
								"version": {
									"vulnerable": true,
									"fix_status": {
										"class": "fixed"
									},
									"package": {
										"type": "binary",
										"binary": {
											"name": "kernel-debug-modules-internal",
											"architectures": [
												"x86_64",
												"aarch64"
											]
										}
									},
									"affected": {
										"type": "rpm",
										"range": [
											{
												"lt": "0:6.6.2-101.fc38"
											}
										],
										"fixed": [
											"0:6.6.2-101.fc38"
										]
									}
								}
							},
							{
								"type": "version",
								"version": {
									"vulnerable": true,
									"fix_status": {
										"class": "fixed"
									},
									"package": {
										"type": "binary",
										"binary": {
											"name": "kernel-debug-modules-extra",
											"architectures": [
												"x86_64",
												"aarch64"
											]
										}
									},
									"affected": {
										"type": "rpm",
										"range": [
											{
												"lt": "0:6.6.2-101.fc38"
											}
										],
										"fixed": [
											"0:6.6.2-101.fc38"
										]
									}
								}
							},
							{
								"type": "version",
								"version": {
									"vulnerable": true,
									"fix_status": {
										"class": "fixed"
									},
									"package": {
										"type": "binary",
										"binary": {
											"name": "kernel-debug-modules-core",
											"architectures": [
												"x86_64",
												"aarch64"
											]
										}
									},
									"affected": {
										"type": "rpm",
										"range": [
											{
												"lt": "0:6.6.2-101.fc38"
											}
										],
										"fixed": [
											"0:6.6.2-101.fc38"
										]
									}
								}
							},
							{
								"type": "version",
								"version": {
									"vulnerable": true,
									"fix_status": {
										"class": "fixed"
									},
									"package": {
										"type": "binary",
										"binary": {
											"name": "kernel-debuginfo",
											"architectures": [
												"x86_64",
												"aarch64",
												"ppc64le",
												"s390x"
											]
										}
									},
									"affected": {
										"type": "rpm",
										"range": [
											{
												"lt": "0:6.6.2-101.fc38"
											}
										],
										"fixed": [
											"0:6.6.2-101.fc38"
										]
									}
								}
							},
							{
								"type": "version",
								"version": {
									"vulnerable": true,
									"fix_status": {
										"class": "fixed"
									},
									"package": {
										"type": "binary",
										"binary": {
											"name": "kernel-modules-core",
											"architectures": [
												"x86_64",
												"aarch64",
												"ppc64le",
												"s390x"
											]
										}
									},
									"affected": {
										"type": "rpm",
										"range": [
											{
												"lt": "0:6.6.2-101.fc38"
											}
										],
										"fixed": [
											"0:6.6.2-101.fc38"
										]
									}
								}
							},
							{
								"type": "version",
								"version": {
									"vulnerable": true,
									"fix_status": {
										"class": "fixed"
									},
									"package": {
										"type": "binary",
										"binary": {
											"name": "kernel-uki-virt",
											"architectures": [
												"x86_64"
											]
										}
									},
									"affected": {
										"type": "rpm",
										"range": [
											{
												"lt": "0:6.6.2-101.fc38"
											}
										],
										"fixed": [
											"0:6.6.2-101.fc38"
										]
									}
								}
							},
							{
								"type": "version",
								"version": {
									"vulnerable": true,
									"fix_status": {
										"class": "fixed"
									},
									"package": {
										"type": "binary",
										"binary": {
											"name": "kernel-debug-devel-matched",
											"architectures": [
												"x86_64",
												"aarch64"
											]
										}
									},
									"affected": {
										"type": "rpm",
										"range": [
											{
												"lt": "0:6.6.2-101.fc38"
											}
										],
										"fixed": [
											"0:6.6.2-101.fc38"
										]
									}
								}
							},
							{
								"type": "version",
								"version": {
									"vulnerable": true,
									"fix_status": {
										"class": "fixed"
									},
									"package": {
										"type": "binary",
										"binary": {
											"name": "kernel-modules-internal",
											"architectures": [
												"x86_64",
												"aarch64",
												"ppc64le",
												"s390x"
											]
										}
									},
									"affected": {
										"type": "rpm",
										"range": [
											{
												"lt": "0:6.6.2-101.fc38"
											}
										],
										"fixed": [
											"0:6.6.2-101.fc38"
										]
									}
								}
							},
							{
								"type": "version",
								"version": {
									"vulnerable": true,
									"fix_status": {
										"class": "fixed"
									},
									"package": {
										"type": "binary",
										"binary": {
											"name": "kernel-debug-debuginfo",
											"architectures": [
												"x86_64",
												"aarch64"
											]
										}
									},
									"affected": {
										"type": "rpm",
										"range": [
											{
												"lt": "0:6.6.2-101.fc38"
											}
										],
										"fixed": [
											"0:6.6.2-101.fc38"
										]
									}
								}
							},
							{
								"type": "version",
								"version": {
									"vulnerable": true,
									"fix_status": {
										"class": "fixed"
									},
									"package": {
										"type": "binary",
										"binary": {
											"name": "kernel-modules",
											"architectures": [
												"ppc64le",
												"s390x",
												"x86_64",
												"aarch64"
											]
										}
									},
									"affected": {
										"type": "rpm",
										"range": [
											{
												"lt": "0:6.6.2-101.fc38"
											}
										],
										"fixed": [
											"0:6.6.2-101.fc38"
										]
									}
								}
							},
							{
								"type": "version",
								"version": {
									"vulnerable": true,
									"fix_status": {
										"class": "fixed"
									},
									"package": {
										"type": "binary",
										"binary": {
											"name": "kernel-debuginfo-common-aarch64",
											"architectures": [
												"aarch64"
											]
										}
									},
									"affected": {
										"type": "rpm",
										"range": [
											{
												"lt": "0:6.6.2-101.fc38"
											}
										],
										"fixed": [
											"0:6.6.2-101.fc38"
										]
									}
								}
							},
							{
								"type": "version",
								"version": {
									"vulnerable": true,
									"fix_status": {
										"class": "fixed"
									},
									"package": {
										"type": "binary",
										"binary": {
											"name": "kernel-debuginfo-common-ppc64le",
											"architectures": [
												"ppc64le"
											]
										}
									},
									"affected": {
										"type": "rpm",
										"range": [
											{
												"lt": "0:6.6.2-101.fc38"
											}
										],
										"fixed": [
											"0:6.6.2-101.fc38"
										]
									}
								}
							},
							{
								"type": "version",
								"version": {
									"vulnerable": true,
									"fix_status": {
										"class": "fixed"
									},
									"package": {
										"type": "binary",
										"binary": {
											"name": "kernel",
											"architectures": [
												"x86_64",
												"aarch64",
												"ppc64le",
												"s390x",
												"src"
											]
										}
									},
									"affected": {
										"type": "rpm",
										"range": [
											{
												"lt": "0:6.6.2-101.fc38"
											}
										],
										"fixed": [
											"0:6.6.2-101.fc38"
										]
									}
								}
							},
							{
								"type": "version",
								"version": {
									"vulnerable": true,
									"fix_status": {
										"class": "fixed"
									},
									"package": {
										"type": "binary",
										"binary": {
											"name": "kernel-modules-extra",
											"architectures": [
												"x86_64",
												"aarch64",
												"ppc64le",
												"s390x"
											]
										}
									},
									"affected": {
										"type": "rpm",
										"range": [
											{
												"lt": "0:6.6.2-101.fc38"
											}
										],
										"fixed": [
											"0:6.6.2-101.fc38"
										]
									}
								}
							},
							{
								"type": "version",
								"version": {
									"vulnerable": true,
									"fix_status": {
										"class": "fixed"
									},
									"package": {
										"type": "binary",
										"binary": {
											"name": "kernel-debuginfo-common-x86_64",
											"architectures": [
												"x86_64"
											]
										}
									},
									"affected": {
										"type": "rpm",
										"range": [
											{
												"lt": "0:6.6.2-101.fc38"
											}
										],
										"fixed": [
											"0:6.6.2-101.fc38"
										]
									}
								}
							},
							{
								"type": "version",
								"version": {
									"vulnerable": true,
									"fix_status": {
										"class": "fixed"
									},
									"package": {
										"type": "binary",
										"binary": {
											"name": "kernel-core",
											"architectures": [
												"x86_64",
												"aarch64",
												"ppc64le",
												"s390x"
											]
										}
									},
									"affected": {
										"type": "rpm",
										"range": [
											{
												"lt": "0:6.6.2-101.fc38"
											}
										],
										"fixed": [
											"0:6.6.2-101.fc38"
										]
									}
								}
							},
							{
								"type": "version",
								"version": {
									"vulnerable": true,
									"fix_status": {
										"class": "fixed"
									},
									"package": {
										"type": "binary",
										"binary": {
											"name": "kernel-debug-uki-virt",
											"architectures": [
												"x86_64"
											]
										}
									},
									"affected": {
										"type": "rpm",
										"range": [
											{
												"lt": "0:6.6.2-101.fc38"
											}
										],
										"fixed": [
											"0:6.6.2-101.fc38"
										]
									}
								}
							},
							{
								"type": "version",
								"version": {
									"vulnerable": true,
									"fix_status": {
										"class": "fixed"
									},
									"package": {
										"type": "binary",
										"binary": {
											"name": "kernel-debug-devel",
											"architectures": [
												"x86_64",
												"aarch64"
											]
										}
									},
									"affected": {
										"type": "rpm",
										"range": [
											{
												"lt": "0:6.6.2-101.fc38"
											}
										],
										"fixed": [
											"0:6.6.2-101.fc38"
										]
									}
								}
							},
							{
								"type": "version",
								"version": {
									"vulnerable": true,
									"fix_status": {
										"class": "fixed"
									},
									"package": {
										"type": "binary",
										"binary": {
											"name": "kernel-devel",
											"architectures": [
												"x86_64",
												"aarch64",
												"ppc64le",
												"s390x"
											]
										}
									},
									"affected": {
										"type": "rpm",
										"range": [
											{
												"lt": "0:6.6.2-101.fc38"
											}
										],
										"fixed": [
											"0:6.6.2-101.fc38"
										]
									}
								}
							},
							{
								"type": "version",
								"version": {
									"vulnerable": true,
									"fix_status": {
										"class": "fixed"
									},
									"package": {
										"type": "binary",
										"binary": {
											"name": "kernel-debug-core",
											"architectures": [
												"x86_64",
												"aarch64"
											]
										}
									},
									"affected": {
										"type": "rpm",
										"range": [
											{
												"lt": "0:6.6.2-101.fc38"
											}
										],
										"fixed": [
											"0:6.6.2-101.fc38"
										]
									}
								}
							},
							{
								"type": "version",
								"version": {
									"vulnerable": true,
									"fix_status": {
										"class": "fixed"
									},
									"package": {
										"type": "binary",
										"binary": {
											"name": "kernel-debug-modules",
											"architectures": [
												"x86_64",
												"aarch64"
											]
										}
									},
									"affected": {
										"type": "rpm",
										"range": [
											{
												"lt": "0:6.6.2-101.fc38"
											}
										],
										"fixed": [
											"0:6.6.2-101.fc38"
										]
									}
								}
							},
							{
								"type": "version",
								"version": {
									"vulnerable": true,
									"fix_status": {
										"class": "fixed"
									},
									"package": {
										"type": "binary",
										"binary": {
											"name": "kernel-headers",
											"architectures": [
												"ppc64le",
												"s390x",
												"src",
												"x86_64",
												"aarch64",
												"i686"
											]
										}
									},
									"affected": {
										"type": "rpm",
										"range": [
											{
												"lt": "0:6.6.2-101.fc38"
											}
										],
										"fixed": [
											"0:6.6.2-101.fc38"
										]
									}
								}
							},
							{
								"type": "version",
								"version": {
									"vulnerable": true,
									"fix_status": {
										"class": "fixed"
									},
									"package": {
										"type": "binary",
										"binary": {
											"name": "kernel-cross-headers",
											"architectures": [
												"ppc64le",
												"s390x",
												"x86_64",
												"aarch64",
												"i686"
											]
										}
									},
									"affected": {
										"type": "rpm",
										"range": [
											{
												"lt": "0:6.6.2-101.fc38"
											}
										],
										"fixed": [
											"0:6.6.2-101.fc38"
										]
									}
								}
							},
							{
								"type": "version",
								"version": {
									"vulnerable": true,
									"fix_status": {
										"class": "fixed"
									},
									"package": {
										"type": "binary",
										"binary": {
											"name": "libperf-devel",
											"architectures": [
												"ppc64le",
												"s390x",
												"x86_64",
												"aarch64"
											]
										}
									},
									"affected": {
										"type": "rpm",
										"range": [
											{
												"lt": "0:6.6.2-100.fc38"
											}
										],
										"fixed": [
											"0:6.6.2-100.fc38"
										]
									}
								}
							},
							{
								"type": "version",
								"version": {
									"vulnerable": true,
									"fix_status": {
										"class": "fixed"
									},
									"package": {
										"type": "binary",
										"binary": {
											"name": "kernel-tools-libs-debuginfo",
											"architectures": [
												"aarch64",
												"ppc64le",
												"s390x",
												"x86_64"
											]
										}
									},
									"affected": {
										"type": "rpm",
										"range": [
											{
												"lt": "0:6.6.2-100.fc38"
											}
										],
										"fixed": [
											"0:6.6.2-100.fc38"
										]
									}
								}
							},
							{
								"type": "version",
								"version": {
									"vulnerable": true,
									"fix_status": {
										"class": "fixed"
									},
									"package": {
										"type": "binary",
										"binary": {
											"name": "kernel-tools-libs-devel",
											"architectures": [
												"aarch64",
												"ppc64le",
												"s390x",
												"x86_64"
											]
										}
									},
									"affected": {
										"type": "rpm",
										"range": [
											{
												"lt": "0:6.6.2-100.fc38"
											}
										],
										"fixed": [
											"0:6.6.2-100.fc38"
										]
									}
								}
							},
							{
								"type": "version",
								"version": {
									"vulnerable": true,
									"fix_status": {
										"class": "fixed"
									},
									"package": {
										"type": "binary",
										"binary": {
											"name": "perf-debuginfo",
											"architectures": [
												"s390x",
												"x86_64",
												"aarch64",
												"ppc64le"
											]
										}
									},
									"affected": {
										"type": "rpm",
										"range": [
											{
												"lt": "0:6.6.2-100.fc38"
											}
										],
										"fixed": [
											"0:6.6.2-100.fc38"
										]
									}
								}
							},
							{
								"type": "version",
								"version": {
									"vulnerable": true,
									"fix_status": {
										"class": "fixed"
									},
									"package": {
										"type": "binary",
										"binary": {
											"name": "perf",
											"architectures": [
												"s390x",
												"x86_64",
												"aarch64",
												"ppc64le"
											]
										}
									},
									"affected": {
										"type": "rpm",
										"range": [
											{
												"lt": "0:6.6.2-100.fc38"
											}
										],
										"fixed": [
											"0:6.6.2-100.fc38"
										]
									}
								}
							},
							{
								"type": "version",
								"version": {
									"vulnerable": true,
									"fix_status": {
										"class": "fixed"
									},
									"package": {
										"type": "binary",
										"binary": {
											"name": "kernel-tools-debugsource",
											"architectures": [
												"aarch64",
												"ppc64le",
												"s390x",
												"x86_64"
											]
										}
									},
									"affected": {
										"type": "rpm",
										"range": [
											{
												"lt": "0:6.6.2-100.fc38"
											}
										],
										"fixed": [
											"0:6.6.2-100.fc38"
										]
									}
								}
							},
							{
								"type": "version",
								"version": {
									"vulnerable": true,
									"fix_status": {
										"class": "fixed"
									},
									"package": {
										"type": "binary",
										"binary": {
											"name": "kernel-tools",
											"architectures": [
												"aarch64",
												"ppc64le",
												"s390x",
												"src",
												"x86_64"
											]
										}
									},
									"affected": {
										"type": "rpm",
										"range": [
											{
												"lt": "0:6.6.2-100.fc38"
											}
										],
										"fixed": [
											"0:6.6.2-100.fc38"
										]
									}
								}
							},
							{
								"type": "version",
								"version": {
									"vulnerable": true,
									"fix_status": {
										"class": "fixed"
									},
									"package": {
										"type": "binary",
										"binary": {
											"name": "kernel-tools-debuginfo",
											"architectures": [
												"aarch64",
												"ppc64le",
												"s390x",
												"x86_64"
											]
										}
									},
									"affected": {
										"type": "rpm",
										"range": [
											{
												"lt": "0:6.6.2-100.fc38"
											}
										],
										"fixed": [
											"0:6.6.2-100.fc38"
										]
									}
								}
							},
							{
								"type": "version",
								"version": {
									"vulnerable": true,
									"fix_status": {
										"class": "fixed"
									},
									"package": {
										"type": "binary",
										"binary": {
											"name": "python3-perf",
											"architectures": [
												"aarch64",
												"ppc64le",
												"s390x",
												"x86_64"
											]
										}
									},
									"affected": {
										"type": "rpm",
										"range": [
											{
												"lt": "0:6.6.2-100.fc38"
											}
										],
										"fixed": [
											"0:6.6.2-100.fc38"
										]
									}
								}
							},
							{
								"type": "version",
								"version": {
									"vulnerable": true,
									"fix_status": {
										"class": "fixed"
									},
									"package": {
										"type": "binary",
										"binary": {
											"name": "bpftool-debuginfo",
											"architectures": [
												"aarch64",
												"ppc64le",
												"s390x",
												"x86_64"
											]
										}
									},
									"affected": {
										"type": "rpm",
										"range": [
											{
												"lt": "0:6.6.2-100.fc38"
											}
										],
										"fixed": [
											"0:6.6.2-100.fc38"
										]
									}
								}
							},
							{
								"type": "version",
								"version": {
									"vulnerable": true,
									"fix_status": {
										"class": "fixed"
									},
									"package": {
										"type": "binary",
										"binary": {
											"name": "bpftool",
											"architectures": [
												"aarch64",
												"ppc64le",
												"s390x",
												"x86_64"
											]
										}
									},
									"affected": {
										"type": "rpm",
										"range": [
											{
												"lt": "0:6.6.2-100.fc38"
											}
										],
										"fixed": [
											"0:6.6.2-100.fc38"
										]
									}
								}
							},
							{
								"type": "version",
								"version": {
									"vulnerable": true,
									"fix_status": {
										"class": "fixed"
									},
									"package": {
										"type": "binary",
										"binary": {
											"name": "rv",
											"architectures": [
												"ppc64le",
												"s390x",
												"x86_64",
												"aarch64"
											]
										}
									},
									"affected": {
										"type": "rpm",
										"range": [
											{
												"lt": "0:6.6.2-100.fc38"
											}
										],
										"fixed": [
											"0:6.6.2-100.fc38"
										]
									}
								}
							},
							{
								"type": "version",
								"version": {
									"vulnerable": true,
									"fix_status": {
										"class": "fixed"
									},
									"package": {
										"type": "binary",
										"binary": {
											"name": "kernel-tools-libs",
											"architectures": [
												"aarch64",
												"ppc64le",
												"s390x",
												"x86_64"
											]
										}
									},
									"affected": {
										"type": "rpm",
										"range": [
											{
												"lt": "0:6.6.2-100.fc38"
											}
										],
										"fixed": [
											"0:6.6.2-100.fc38"
										]
									}
								}
							},
							{
								"type": "version",
								"version": {
									"vulnerable": true,
									"fix_status": {
										"class": "fixed"
									},
									"package": {
										"type": "binary",
										"binary": {
											"name": "libperf-debuginfo",
											"architectures": [
												"aarch64",
												"ppc64le",
												"s390x",
												"x86_64"
											]
										}
									},
									"affected": {
										"type": "rpm",
										"range": [
											{
												"lt": "0:6.6.2-100.fc38"
											}
										],
										"fixed": [
											"0:6.6.2-100.fc38"
										]
									}
								}
							},
							{
								"type": "version",
								"version": {
									"vulnerable": true,
									"fix_status": {
										"class": "fixed"
									},
									"package": {
										"type": "binary",
										"binary": {
											"name": "python3-perf-debuginfo",
											"architectures": [
												"aarch64",
												"ppc64le",
												"s390x",
												"x86_64"
											]
										}
									},
									"affected": {
										"type": "rpm",
										"range": [
											{
												"lt": "0:6.6.2-100.fc38"
											}
										],
										"fixed": [
											"0:6.6.2-100.fc38"
										]
									}
								}
							},
							{
								"type": "version",
								"version": {
									"vulnerable": true,
									"fix_status": {
										"class": "fixed"
									},
									"package": {
										"type": "binary",
										"binary": {
											"name": "rtla",
											"architectures": [
												"aarch64",
												"ppc64le",
												"s390x",
												"x86_64"
											]
										}
									},
									"affected": {
										"type": "rpm",
										"range": [
											{
												"lt": "0:6.6.2-100.fc38"
											}
										],
										"fixed": [
											"0:6.6.2-100.fc38"
										]
									}
								}
							},
							{
								"type": "version",
								"version": {
									"vulnerable": true,
									"fix_status": {
										"class": "fixed"
									},
									"package": {
										"type": "binary",
										"binary": {
											"name": "libperf",
											"architectures": [
												"aarch64",
												"ppc64le",
												"s390x",
												"x86_64"
											]
										}
									},
									"affected": {
										"type": "rpm",
										"range": [
											{
												"lt": "0:6.6.2-100.fc38"
											}
										],
										"fixed": [
											"0:6.6.2-100.fc38"
										]
									}
								}
							}
						]
					}
				}
			]
		}
	],
	"data_source": {
		"id": "fedora",
		"raws": [
			"fixtures/F38/2023/FEDORA-2023-bd14c83780.json"
		]
	}
}
