{
	"id": "oval:org.opensuse.security:tst:2009036679",
	"version": "1",
	"comment": "sles-release is ==10",
	"check": "at least one",
	"xmlns": "http://oval.mitre.org/XMLSchema/oval-definitions-5#linux",
	"object": {
		"object_ref": "oval:org.opensuse.security:obj:2009030884"
	},
	"state": {
		"state_ref": "oval:org.opensuse.security:ste:2009032190"
	}
}
