{
	"document": {
		"aggregate_severity": {
			"namespace": "https://access.redhat.com/security/updates/classification/",
			"text": "Important"
		},
		"category": "csaf_vex",
		"csaf_version": "2.0",
		"distribution": {
			"text": "Copyright Â© Red Hat, Inc. All rights reserved.",
			"tlp": {
				"label": "WHITE",
				"url": "https://www.first.org/tlp/"
			}
		},
		"lang": "en",
		"notes": [
			{
				"category": "summary",
				"text": "An update for python-gevent is now available for Red Hat OpenStack Platform 17.1.1.\n\nRed Hat Product Security has rated this update as having a security impact of Important. A Common Vulnerability Scoring System (CVSS) base score, which gives a detailed severity rating, is available for each vulnerability from the CVE link(s) in the References section.",
				"title": "Topic"
			},
			{
				"category": "general",
				"text": "gevent is a coroutine-based Python networking library that uses greenlet to provide a high-level synchronous API on top of libevent event loop.\n\nSecurity Fix(es):\n\n* python-gevent: privilege escalation via a crafted script to the WSGIServer component (CVE-2023-41419)\n\nFor more details about the security issue(s), including the impact, a CVSS score, acknowledgments, and other related information, refer to the CVE page(s) listed in the References section.",
				"title": "Details"
			},
			{
				"category": "legal_disclaimer",
				"text": "This content is licensed under the Creative Commons Attribution 4.0 International License (https://creativecommons.org/licenses/by/4.0/). If you distribute this content, or a modified version of it, you must provide attribution to Red Hat Inc. and provide a link to the original.",
				"title": "Terms of Use"
			}
		],
		"publisher": {
			"category": "vendor",
			"contact_details": "https://access.redhat.com/security/team/contact/",
			"issuing_authority": "Red Hat Product Security is responsible for vulnerability handling across all Red Hat offerings.",
			"name": "Red Hat Product Security",
			"namespace": "https://www.redhat.com"
		},
		"references": [
			{
				"category": "self",
				"summary": "https://access.redhat.com/errata/RHSA-2023:7438",
				"url": "https://access.redhat.com/errata/RHSA-2023:7438"
			},
			{
				"category": "external",
				"summary": "https://access.redhat.com/security/updates/classification/#important",
				"url": "https://access.redhat.com/security/updates/classification/#important"
			},
			{
				"category": "external",
				"summary": "2240651",
				"url": "https://bugzilla.redhat.com/show_bug.cgi?id=2240651"
			},
			{
				"category": "self",
				"summary": "Canonical URL",
				"url": "https://access.redhat.com/security/data/csaf/v2/advisories/2023/rhsa-2023_7438.json"
			}
		],
		"title": "Red Hat Security Advisory: Red Hat OpenStack Platform 17.1.1 (python-gevent) security update",
		"tracking": {
			"current_release_date": "2024-04-28T03:16:03+00:00",
			"generator": {
				"date": "2024-04-28T03:16:03+00:00",
				"engine": {
					"name": "Red Hat SDEngine",
					"version": "3.29.1"
				}
			},
			"id": "RHSA-2023:7438",
			"initial_release_date": "2023-11-21T15:46:44+00:00",
			"revision_history": [
				{
					"date": "2023-11-21T15:46:44+00:00",
					"number": "1",
					"summary": "Initial version"
				},
				{
					"date": "2023-11-21T15:46:44+00:00",
					"number": "2",
					"summary": "Last updated version"
				},
				{
					"date": "2024-04-28T03:16:03+00:00",
					"number": "3",
					"summary": "Last generated version"
				}
			],
			"status": "final",
			"version": "3"
		}
	},
	"product_tree": {
		"branches": [
			{
				"branches": [
					{
						"branches": [
							{
								"category": "product_name",
								"name": "Red Hat OpenStack Platform 17.1",
								"product": {
									"name": "Red Hat OpenStack Platform 17.1",
									"product_id": "9Base-RHOS-17.1",
									"product_identification_helper": {
										"cpe": "cpe:/a:redhat:openstack:17.1::el9"
									}
								}
							}
						],
						"category": "product_family",
						"name": "Red Hat OpenStack Platform"
					},
					{
						"branches": [
							{
								"category": "product_version",
								"name": "python-gevent-0:21.1.2-2.el9ost.src",
								"product": {
									"name": "python-gevent-0:21.1.2-2.el9ost.src",
									"product_id": "python-gevent-0:21.1.2-2.el9ost.src",
									"product_identification_helper": {
										"purl": "pkg:rpm/redhat/python-gevent@21.1.2-2.el9ost?arch=src"
									}
								}
							}
						],
						"category": "architecture",
						"name": "src"
					},
					{
						"branches": [
							{
								"category": "product_version",
								"name": "python3-gevent-0:21.1.2-2.el9ost.x86_64",
								"product": {
									"name": "python3-gevent-0:21.1.2-2.el9ost.x86_64",
									"product_id": "python3-gevent-0:21.1.2-2.el9ost.x86_64",
									"product_identification_helper": {
										"purl": "pkg:rpm/redhat/python3-gevent@21.1.2-2.el9ost?arch=x86_64"
									}
								}
							},
							{
								"category": "product_version",
								"name": "python-gevent-debugsource-0:21.1.2-2.el9ost.x86_64",
								"product": {
									"name": "python-gevent-debugsource-0:21.1.2-2.el9ost.x86_64",
									"product_id": "python-gevent-debugsource-0:21.1.2-2.el9ost.x86_64",
									"product_identification_helper": {
										"purl": "pkg:rpm/redhat/python-gevent-debugsource@21.1.2-2.el9ost?arch=x86_64"
									}
								}
							},
							{
								"category": "product_version",
								"name": "python3-gevent-debuginfo-0:21.1.2-2.el9ost.x86_64",
								"product": {
									"name": "python3-gevent-debuginfo-0:21.1.2-2.el9ost.x86_64",
									"product_id": "python3-gevent-debuginfo-0:21.1.2-2.el9ost.x86_64",
									"product_identification_helper": {
										"purl": "pkg:rpm/redhat/python3-gevent-debuginfo@21.1.2-2.el9ost?arch=x86_64"
									}
								}
							}
						],
						"category": "architecture",
						"name": "x86_64"
					}
				],
				"category": "vendor",
				"name": "Red Hat"
			}
		],
		"relationships": [
			{
				"category": "default_component_of",
				"full_product_name": {
					"name": "python-gevent-0:21.1.2-2.el9ost.src as a component of Red Hat OpenStack Platform 17.1",
					"product_id": "9Base-RHOS-17.1:python-gevent-0:21.1.2-2.el9ost.src"
				},
				"product_reference": "python-gevent-0:21.1.2-2.el9ost.src",
				"relates_to_product_reference": "9Base-RHOS-17.1"
			},
			{
				"category": "default_component_of",
				"full_product_name": {
					"name": "python-gevent-debugsource-0:21.1.2-2.el9ost.x86_64 as a component of Red Hat OpenStack Platform 17.1",
					"product_id": "9Base-RHOS-17.1:python-gevent-debugsource-0:21.1.2-2.el9ost.x86_64"
				},
				"product_reference": "python-gevent-debugsource-0:21.1.2-2.el9ost.x86_64",
				"relates_to_product_reference": "9Base-RHOS-17.1"
			},
			{
				"category": "default_component_of",
				"full_product_name": {
					"name": "python3-gevent-0:21.1.2-2.el9ost.x86_64 as a component of Red Hat OpenStack Platform 17.1",
					"product_id": "9Base-RHOS-17.1:python3-gevent-0:21.1.2-2.el9ost.x86_64"
				},
				"product_reference": "python3-gevent-0:21.1.2-2.el9ost.x86_64",
				"relates_to_product_reference": "9Base-RHOS-17.1"
			},
			{
				"category": "default_component_of",
				"full_product_name": {
					"name": "python3-gevent-debuginfo-0:21.1.2-2.el9ost.x86_64 as a component of Red Hat OpenStack Platform 17.1",
					"product_id": "9Base-RHOS-17.1:python3-gevent-debuginfo-0:21.1.2-2.el9ost.x86_64"
				},
				"product_reference": "python3-gevent-debuginfo-0:21.1.2-2.el9ost.x86_64",
				"relates_to_product_reference": "9Base-RHOS-17.1"
			}
		]
	},
	"vulnerabilities": [
		{
			"cve": "CVE-2023-41419",
			"cwe": {
				"id": "CWE-269",
				"name": "Improper Privilege Management"
			},
			"discovery_date": "2023-09-25T00:00:00+00:00",
			"ids": [
				{
					"system_name": "Red Hat Bugzilla ID",
					"text": "2240651"
				}
			],
			"notes": [
				{
					"category": "description",
					"text": "A flaw was found in python-event, which could allow a remote attacker to gain elevated privileges on the system, caused by a flaw in the WSGIServer component. By using a specially crafted script, an attacker can gain elevated privileges.",
					"title": "Vulnerability description"
				},
				{
					"category": "summary",
					"text": "python-gevent: privilege escalation via a crafted script to the WSGIServer component",
					"title": "Vulnerability summary"
				},
				{
					"category": "general",
					"text": "The CVSS score(s) listed for this vulnerability do not reflect the associated product's status, and are included for informational purposes to better understand the severity of this vulnerability.",
					"title": "CVSS score applicability"
				}
			],
			"product_status": {
				"fixed": [
					"9Base-RHOS-17.1:python-gevent-0:21.1.2-2.el9ost.src",
					"9Base-RHOS-17.1:python-gevent-debugsource-0:21.1.2-2.el9ost.x86_64",
					"9Base-RHOS-17.1:python3-gevent-0:21.1.2-2.el9ost.x86_64",
					"9Base-RHOS-17.1:python3-gevent-debuginfo-0:21.1.2-2.el9ost.x86_64"
				]
			},
			"references": [
				{
					"category": "self",
					"summary": "Canonical URL",
					"url": "https://access.redhat.com/security/cve/CVE-2023-41419"
				},
				{
					"category": "external",
					"summary": "RHBZ#2240651",
					"url": "https://bugzilla.redhat.com/show_bug.cgi?id=2240651"
				},
				{
					"category": "external",
					"summary": "https://www.cve.org/CVERecord?id=CVE-2023-41419",
					"url": "https://www.cve.org/CVERecord?id=CVE-2023-41419"
				},
				{
					"category": "external",
					"summary": "https://nvd.nist.gov/vuln/detail/CVE-2023-41419",
					"url": "https://nvd.nist.gov/vuln/detail/CVE-2023-41419"
				},
				{
					"category": "external",
					"summary": "https://github.com/gevent/gevent/commit/2f53c851eaf926767fbac62385615efd4886221c",
					"url": "https://github.com/gevent/gevent/commit/2f53c851eaf926767fbac62385615efd4886221c"
				}
			],
			"release_date": "2023-08-31T00:00:00+00:00",
			"remediations": [
				{
					"category": "vendor_fix",
					"details": "For details on how to apply this update, which includes the changes described in this advisory, refer to:\n\nhttps://access.redhat.com/articles/11258",
					"product_ids": [
						"9Base-RHOS-17.1:python-gevent-0:21.1.2-2.el9ost.src",
						"9Base-RHOS-17.1:python-gevent-debugsource-0:21.1.2-2.el9ost.x86_64",
						"9Base-RHOS-17.1:python3-gevent-0:21.1.2-2.el9ost.x86_64",
						"9Base-RHOS-17.1:python3-gevent-debuginfo-0:21.1.2-2.el9ost.x86_64"
					],
					"restart_required": {
						"category": "none"
					},
					"url": "https://access.redhat.com/errata/RHSA-2023:7438"
				},
				{
					"category": "workaround",
					"details": "Mitigation for this issue is either not available or the currently available options do not meet the Red Hat Product Security criteria comprising ease of use and deployment, applicability to widespread installation base or stability.",
					"product_ids": [
						"9Base-RHOS-17.1:python-gevent-0:21.1.2-2.el9ost.src",
						"9Base-RHOS-17.1:python-gevent-debugsource-0:21.1.2-2.el9ost.x86_64",
						"9Base-RHOS-17.1:python3-gevent-0:21.1.2-2.el9ost.x86_64",
						"9Base-RHOS-17.1:python3-gevent-debuginfo-0:21.1.2-2.el9ost.x86_64"
					]
				}
			],
			"scores": [
				{
					"cvss_v3": {
						"attackComplexity": "LOW",
						"attackVector": "NETWORK",
						"availabilityImpact": "NONE",
						"baseScore": 9.1,
						"baseSeverity": "CRITICAL",
						"confidentialityImpact": "HIGH",
						"integrityImpact": "HIGH",
						"privilegesRequired": "NONE",
						"scope": "UNCHANGED",
						"userInteraction": "NONE",
						"vectorString": "CVSS:3.1/AV:N/AC:L/PR:N/UI:N/S:U/C:H/I:H/A:N",
						"version": "3.1"
					},
					"products": [
						"9Base-RHOS-17.1:python-gevent-0:21.1.2-2.el9ost.src",
						"9Base-RHOS-17.1:python-gevent-debugsource-0:21.1.2-2.el9ost.x86_64",
						"9Base-RHOS-17.1:python3-gevent-0:21.1.2-2.el9ost.x86_64",
						"9Base-RHOS-17.1:python3-gevent-debuginfo-0:21.1.2-2.el9ost.x86_64"
					]
				}
			],
			"threats": [
				{
					"category": "impact",
					"details": "Important"
				}
			],
			"title": "python-gevent: privilege escalation via a crafted script to the WSGIServer component"
		}
	]
}
