{
  "id": "oval:org.opensuse.security:ste:2009051526",
  "attr_version": "1",
  "xmlns": "http://oval.mitre.org/XMLSchema/oval-definitions-5#linux",
  "version": {},
  "evr": {},
  "signature_keyid": {
    "text": "b88b2fd43dbdc284",
    "operation": "equals"
  },
  "arch": {}
}
