{"definition_id":"oval:org.opensuse.security:def:20051038","class":"vulnerability","title":"CVE-2005-1038","description":"\n\tcrontab in Vixie cron 4.1, when running with the -e option, allows local users to read the cron files of other users by changing the file being edited to a symlink.  NOTE: there is insufficient information to know whether this is a duplicate of CVE-2001-0235.\n\t","affected":{"family":"unix","platforms":["openSUSE 10.2"]},"advisory":{"cves":[{"cve_id":"CVE-2005-1038","href":"https://cve.mitre.org/cgi-bin/cvename.cgi?name=CVE-2005-1038"}]},"packages":[{"name":"cron","status":"released","fixed_version":"0:4.1-70","platform":"suse102"}],"references":[{"id":"CVE-2005-1038","source":"CVE","url":"http://cve.mitre.org/cgi-bin/cvename.cgi?name=CVE-2005-1038"}]}