{
	"class": "vulnerability",
	"id": "oval:com.microsoft.cbl-mariner:def:58877",
	"version": "1",
	"metadata": {
		"Title": "CVE-2022-48666 affecting package kernel for versions less than 5.15.176.3-3",
		"affected": {
			"family": "unix",
			"Platform": "CBL-Mariner"
		},
		"reference": {
			"ref_id": "CVE-2022-48666",
			"ref_url": "https://nvd.nist.gov/vuln/detail/CVE-2022-48666",
			"source": "CVE"
		},
		"Patchable": "true",
		"AdvisoryDate": "2025-03-27T21:13:02.9466667Z",
		"AdvisoryID": "58877-1",
		"Severity": "High",
		"Description": "CVE-2022-48666 affecting package kernel for versions less than 5.15.176.3-3. A patched version of the package is available."
	},
	"criteria": {
		"operator": "AND",
		"criterion": [
			{
				"comment": "Package kernel is earlier than 5.15.176.3-3, affected by CVE-2022-48666",
				"test_ref": "oval:com.microsoft.cbl-mariner:tst:58877000"
			}
		]
	}
}
