{
	"xmlns": "http://oval.mitre.org/XMLSchema/oval-definitions-5#linux",
	"id": "oval:com.oracle.ovmsa:ste:20250001003",
	"attr_version": "501",
	"arch": {
		"text": "x86_64",
		"operation": "pattern match"
	}
}
