{
	"check": "at least one",
	"comment": "nodejs-nodemon is earlier than 0:3.0.1-1.module+el9.2.0.z+19753+58118bc0",
	"id": "oval:org.almalinux.alsa:tst:20235363009",
	"version": "635",
	"object": {
		"object_ref": "oval:org.almalinux.alsa:obj:20226595006"
	},
	"state": {
		"state_ref": "oval:org.almalinux.alsa:ste:20235363004"
	}
}
