{
	"check": "at least one",
	"comment": "firefox is signed with Red Hat redhatrelease2 key",
	"id": "oval:com.redhat.cve:tst:20214231010",
	"version": "636",
	"object": {
		"object_ref": "oval:com.redhat.cve:obj:20214231005"
	},
	"state": {
		"state_ref": "oval:com.redhat.cve:ste:20052541001"
	}
}
