{
	"id": "ELSA-2024-1828",
	"advisories": [
		{
			"id": "ELSA-2024-1828",
			"title": "ELSA-2024-1828:  java-21-openjdk security update (MODERATE)",
			"description": "[1:21.0.3.0.9-1.0.1]\n- Add Oracle vendor bug URL [Orabug: 34340155]\n\n[1:21.0.3.0.9-1]\n- Update to jdk-21.0.3+9 (GA)\n- Update release notes to 21.0.3+9\n- Switch to GA mode.\n- Sync the copy of the portable specfile with the latest update\n- ** This tarball is embargoed until 2024-04-16 @ 1pm PT. **\n- Resolves: RHEL-32405\n\n[1:21.0.3.0.7-0.1.ea]\n- Update to jdk-21.0.3+7 (EA)\n- Update release notes to 21.0.3+7\n- Require tzdata 2024a due to upstream inclusion of JDK-8322725\n- Only require tzdata 2023d for now as 2024a is unavailable in buildroot\n- Drop JDK-8009550 which is now available upstream\n- Re-generate FIPS patch against 21.0.3+7 following backport of JDK-8325254\n- Resolves: RHEL-30944\n\n[1:21.0.3.0.1-0.2.ea]\n- Invoke xz in multi-threaded mode\n- generate_source_tarball.sh: Add WITH_TEMP environment variable\n- generate_source_tarball.sh: Multithread xz on all available cores\n- generate_source_tarball.sh: Add OPENJDK_LATEST environment variable\n- generate_source_tarball.sh: Update comment about tarball naming\n- generate_source_tarball.sh: Reformat comment header\n- generate_source_tarball.sh: Reformat and update help output\n- generate_source_tarball.sh: Do a shallow clone, for speed\n- generate_source_tarball.sh: Append -ea designator when required\n- generate_source_tarball.sh: Eliminate some removal prompting\n- generate_source_tarball.sh: Make tarball reproducible\n- generate_source_tarball.sh: Prefix temporary directory with temp-\n- generate_source_tarball.sh: Remove temporary directory exit conditions\n- generate_source_tarball.sh: Fix -ea logic to add dash\n- generate_source_tarball.sh: Set compile-command in Emacs\n- generate_source_tarball.sh: Remove REPO_NAME from FILE_NAME_ROOT\n- generate_source_tarball.sh: Move PROJECT_NAME and REPO_NAME checks\n- generate_source_tarball.sh: shellcheck: Remove x-prefixes since we use Bash (SC2268)\n- generate_source_tarball.sh: shellcheck: Double-quote variable references (SC2086)\n- generate_source_tarball.sh: shellcheck: Do not use -a (SC2166)\n- generate_source_tarball.sh: shellcheck: Do not use $ on arithmetic variables (SC2004)\n- Use backward-compatible patch syntax\n- generate_source_tarball.sh: Ignore -ga tags with OPENJDK_LATEST\n- generate_source_tarball.sh: Fix whitespace\n- generate_source_tarball.sh: Remove trailing period in echo\n- generate_source_tarball.sh: Use long-style argument to grep\n- generate_source_tarball.sh: Add license\n- generate_source_tarball.sh: Add indentation instructions for Emacs\n- Related: RHEL-30944\n\n[1:21.0.3.0.1-0.2.ea]\n- Install alt-java man page from the misc tarball as it is no longer in the JDK image\n- generate_source_tarball.sh: Update examples in header for clarity\n- generate_source_tarball.sh: Cleanup message issued when checkout already exists\n- generate_source_tarball.sh: Create directory in TMPDIR when using WITH_TEMP\n- generate_source_tarball.sh: Only add --depth=1 on non-local repositories\n- Move maintenance scripts to a scripts subdirectory\n- discover_trees.sh: Set compile-command and indentation instructions for Emacs\n- discover_trees.sh: shellcheck: Do not use -o (SC2166)\n- discover_trees.sh: shellcheck: Remove x-prefixes since we use Bash (SC2268)\n- discover_trees.sh: shellcheck: Double-quote variable references (SC2086)\n- generate_source_tarball.sh: Add authorship\n- icedtea_sync.sh: Set compile-command and indentation instructions for Emacs\n- icedtea_sync.sh: shellcheck: Double-quote variable references (SC2086)\n- icedtea_sync.sh: shellcheck: Remove x-prefixes since we use Bash (SC2268)\n- openjdk_news.sh: Set compile-command and indentation instructions for Emacs\n- openjdk_news.sh: shellcheck: Double-quote variable references (SC2086)\n- openjdk_news.sh: shellcheck: Remove x-prefixes since we use Bash (SC2268)\n- openjdk_news.sh: shellcheck: Remove deprecated egrep usage (SC2196)\n- generate_source_tarball.sh: Output values of new options WITH_TEMP and OPENJDK_LATEST\n- generate_source_tarball.sh: Double-quote DEPTH reference (SC2086)\n- generate_source_tarball.sh: Avoid empty DEPTH reference while still appeasing shellcheck\n- Related: RHEL-30944\n\n[1:21.0.3.0.1-0.1.ea]\n- Update to jdk-21.0.3+1 (EA)\n- Update release notes to 21.0.3+1\n- Switch to EA mode\n- Require tzdata 2023d due to upstream inclusion of JDK-8322725\n- Bump FreeType version to 2.13.2 following JDK-8316028\n- Related: RHEL-30944\n\n[1:21.0.2.0.13-2]\n- Sync the copy of the portable specfile with the latest update\n- Define portablesuffix according to whether pkgos is defined or not\n- Related: RHEL-30944",
			"severity": [
				{
					"type": "vendor",
					"source": "linux.oracle.com/security",
					"vendor": "MODERATE"
				}
			],
			"references": [
				{
					"source": "linux.oracle.com/security",
					"url": "https://linux.oracle.com/cve/CVE-2024-21011.html"
				},
				{
					"source": "linux.oracle.com/security",
					"url": "https://linux.oracle.com/cve/CVE-2024-21012.html"
				},
				{
					"source": "linux.oracle.com/security",
					"url": "https://linux.oracle.com/cve/CVE-2024-21068.html"
				},
				{
					"source": "linux.oracle.com/security",
					"url": "https://linux.oracle.com/errata/ELSA-2024-1828.html"
				}
			],
			"published": "2024-04-23T00:00:00Z"
		}
	],
	"vulnerabilities": [
		{
			"id": "CVE-2024-21011",
			"references": [
				{
					"source": "linux.oracle.com/security",
					"url": "https://linux.oracle.com/cve/CVE-2024-21011.html"
				}
			]
		},
		{
			"id": "CVE-2024-21012",
			"references": [
				{
					"source": "linux.oracle.com/security",
					"url": "https://linux.oracle.com/cve/CVE-2024-21012.html"
				}
			]
		},
		{
			"id": "CVE-2024-21068",
			"references": [
				{
					"source": "linux.oracle.com/security",
					"url": "https://linux.oracle.com/cve/CVE-2024-21068.html"
				}
			]
		}
	],
	"detection": [
		{
			"ecosystem": "oracle:8",
			"criteria": {
				"operator": "OR",
				"criterions": [
					{
						"vulnerable": true,
						"package": {
							"name": "java-21-openjdk",
							"architectures": [
								"aarch64",
								"x86_64"
							]
						},
						"affected": {
							"type": "rpm",
							"range": [
								{
									"lt": "1:21.0.3.0.9-1.0.1.el8"
								}
							],
							"fixed": [
								"1:21.0.3.0.9-1.0.1.el8"
							]
						}
					},
					{
						"vulnerable": true,
						"package": {
							"name": "java-21-openjdk-demo",
							"architectures": [
								"aarch64",
								"x86_64"
							]
						},
						"affected": {
							"type": "rpm",
							"range": [
								{
									"lt": "1:21.0.3.0.9-1.0.1.el8"
								}
							],
							"fixed": [
								"1:21.0.3.0.9-1.0.1.el8"
							]
						}
					},
					{
						"vulnerable": true,
						"package": {
							"name": "java-21-openjdk-demo-fastdebug",
							"architectures": [
								"aarch64",
								"x86_64"
							]
						},
						"affected": {
							"type": "rpm",
							"range": [
								{
									"lt": "1:21.0.3.0.9-1.0.1.el8"
								}
							],
							"fixed": [
								"1:21.0.3.0.9-1.0.1.el8"
							]
						}
					},
					{
						"vulnerable": true,
						"package": {
							"name": "java-21-openjdk-demo-slowdebug",
							"architectures": [
								"aarch64",
								"x86_64"
							]
						},
						"affected": {
							"type": "rpm",
							"range": [
								{
									"lt": "1:21.0.3.0.9-1.0.1.el8"
								}
							],
							"fixed": [
								"1:21.0.3.0.9-1.0.1.el8"
							]
						}
					},
					{
						"vulnerable": true,
						"package": {
							"name": "java-21-openjdk-devel",
							"architectures": [
								"aarch64",
								"x86_64"
							]
						},
						"affected": {
							"type": "rpm",
							"range": [
								{
									"lt": "1:21.0.3.0.9-1.0.1.el8"
								}
							],
							"fixed": [
								"1:21.0.3.0.9-1.0.1.el8"
							]
						}
					},
					{
						"vulnerable": true,
						"package": {
							"name": "java-21-openjdk-devel-fastdebug",
							"architectures": [
								"aarch64",
								"x86_64"
							]
						},
						"affected": {
							"type": "rpm",
							"range": [
								{
									"lt": "1:21.0.3.0.9-1.0.1.el8"
								}
							],
							"fixed": [
								"1:21.0.3.0.9-1.0.1.el8"
							]
						}
					},
					{
						"vulnerable": true,
						"package": {
							"name": "java-21-openjdk-devel-slowdebug",
							"architectures": [
								"aarch64",
								"x86_64"
							]
						},
						"affected": {
							"type": "rpm",
							"range": [
								{
									"lt": "1:21.0.3.0.9-1.0.1.el8"
								}
							],
							"fixed": [
								"1:21.0.3.0.9-1.0.1.el8"
							]
						}
					},
					{
						"vulnerable": true,
						"package": {
							"name": "java-21-openjdk-fastdebug",
							"architectures": [
								"aarch64",
								"x86_64"
							]
						},
						"affected": {
							"type": "rpm",
							"range": [
								{
									"lt": "1:21.0.3.0.9-1.0.1.el8"
								}
							],
							"fixed": [
								"1:21.0.3.0.9-1.0.1.el8"
							]
						}
					},
					{
						"vulnerable": true,
						"package": {
							"name": "java-21-openjdk-headless",
							"architectures": [
								"aarch64",
								"x86_64"
							]
						},
						"affected": {
							"type": "rpm",
							"range": [
								{
									"lt": "1:21.0.3.0.9-1.0.1.el8"
								}
							],
							"fixed": [
								"1:21.0.3.0.9-1.0.1.el8"
							]
						}
					},
					{
						"vulnerable": true,
						"package": {
							"name": "java-21-openjdk-headless-fastdebug",
							"architectures": [
								"aarch64",
								"x86_64"
							]
						},
						"affected": {
							"type": "rpm",
							"range": [
								{
									"lt": "1:21.0.3.0.9-1.0.1.el8"
								}
							],
							"fixed": [
								"1:21.0.3.0.9-1.0.1.el8"
							]
						}
					},
					{
						"vulnerable": true,
						"package": {
							"name": "java-21-openjdk-headless-slowdebug",
							"architectures": [
								"aarch64",
								"x86_64"
							]
						},
						"affected": {
							"type": "rpm",
							"range": [
								{
									"lt": "1:21.0.3.0.9-1.0.1.el8"
								}
							],
							"fixed": [
								"1:21.0.3.0.9-1.0.1.el8"
							]
						}
					},
					{
						"vulnerable": true,
						"package": {
							"name": "java-21-openjdk-javadoc",
							"architectures": [
								"aarch64",
								"x86_64"
							]
						},
						"affected": {
							"type": "rpm",
							"range": [
								{
									"lt": "1:21.0.3.0.9-1.0.1.el8"
								}
							],
							"fixed": [
								"1:21.0.3.0.9-1.0.1.el8"
							]
						}
					},
					{
						"vulnerable": true,
						"package": {
							"name": "java-21-openjdk-javadoc-zip",
							"architectures": [
								"aarch64",
								"x86_64"
							]
						},
						"affected": {
							"type": "rpm",
							"range": [
								{
									"lt": "1:21.0.3.0.9-1.0.1.el8"
								}
							],
							"fixed": [
								"1:21.0.3.0.9-1.0.1.el8"
							]
						}
					},
					{
						"vulnerable": true,
						"package": {
							"name": "java-21-openjdk-jmods",
							"architectures": [
								"aarch64",
								"x86_64"
							]
						},
						"affected": {
							"type": "rpm",
							"range": [
								{
									"lt": "1:21.0.3.0.9-1.0.1.el8"
								}
							],
							"fixed": [
								"1:21.0.3.0.9-1.0.1.el8"
							]
						}
					},
					{
						"vulnerable": true,
						"package": {
							"name": "java-21-openjdk-jmods-fastdebug",
							"architectures": [
								"aarch64",
								"x86_64"
							]
						},
						"affected": {
							"type": "rpm",
							"range": [
								{
									"lt": "1:21.0.3.0.9-1.0.1.el8"
								}
							],
							"fixed": [
								"1:21.0.3.0.9-1.0.1.el8"
							]
						}
					},
					{
						"vulnerable": true,
						"package": {
							"name": "java-21-openjdk-jmods-slowdebug",
							"architectures": [
								"aarch64",
								"x86_64"
							]
						},
						"affected": {
							"type": "rpm",
							"range": [
								{
									"lt": "1:21.0.3.0.9-1.0.1.el8"
								}
							],
							"fixed": [
								"1:21.0.3.0.9-1.0.1.el8"
							]
						}
					},
					{
						"vulnerable": true,
						"package": {
							"name": "java-21-openjdk-slowdebug",
							"architectures": [
								"aarch64",
								"x86_64"
							]
						},
						"affected": {
							"type": "rpm",
							"range": [
								{
									"lt": "1:21.0.3.0.9-1.0.1.el8"
								}
							],
							"fixed": [
								"1:21.0.3.0.9-1.0.1.el8"
							]
						}
					},
					{
						"vulnerable": true,
						"package": {
							"name": "java-21-openjdk-src",
							"architectures": [
								"aarch64",
								"x86_64"
							]
						},
						"affected": {
							"type": "rpm",
							"range": [
								{
									"lt": "1:21.0.3.0.9-1.0.1.el8"
								}
							],
							"fixed": [
								"1:21.0.3.0.9-1.0.1.el8"
							]
						}
					},
					{
						"vulnerable": true,
						"package": {
							"name": "java-21-openjdk-src-fastdebug",
							"architectures": [
								"aarch64",
								"x86_64"
							]
						},
						"affected": {
							"type": "rpm",
							"range": [
								{
									"lt": "1:21.0.3.0.9-1.0.1.el8"
								}
							],
							"fixed": [
								"1:21.0.3.0.9-1.0.1.el8"
							]
						}
					},
					{
						"vulnerable": true,
						"package": {
							"name": "java-21-openjdk-src-slowdebug",
							"architectures": [
								"aarch64",
								"x86_64"
							]
						},
						"affected": {
							"type": "rpm",
							"range": [
								{
									"lt": "1:21.0.3.0.9-1.0.1.el8"
								}
							],
							"fixed": [
								"1:21.0.3.0.9-1.0.1.el8"
							]
						}
					},
					{
						"vulnerable": true,
						"package": {
							"name": "java-21-openjdk-static-libs",
							"architectures": [
								"aarch64",
								"x86_64"
							]
						},
						"affected": {
							"type": "rpm",
							"range": [
								{
									"lt": "1:21.0.3.0.9-1.0.1.el8"
								}
							],
							"fixed": [
								"1:21.0.3.0.9-1.0.1.el8"
							]
						}
					},
					{
						"vulnerable": true,
						"package": {
							"name": "java-21-openjdk-static-libs-fastdebug",
							"architectures": [
								"aarch64",
								"x86_64"
							]
						},
						"affected": {
							"type": "rpm",
							"range": [
								{
									"lt": "1:21.0.3.0.9-1.0.1.el8"
								}
							],
							"fixed": [
								"1:21.0.3.0.9-1.0.1.el8"
							]
						}
					},
					{
						"vulnerable": true,
						"package": {
							"name": "java-21-openjdk-static-libs-slowdebug",
							"architectures": [
								"aarch64",
								"x86_64"
							]
						},
						"affected": {
							"type": "rpm",
							"range": [
								{
									"lt": "1:21.0.3.0.9-1.0.1.el8"
								}
							],
							"fixed": [
								"1:21.0.3.0.9-1.0.1.el8"
							]
						}
					}
				]
			}
		},
		{
			"ecosystem": "oracle:9",
			"criteria": {
				"operator": "OR",
				"criterions": [
					{
						"vulnerable": true,
						"package": {
							"name": "java-21-openjdk",
							"architectures": [
								"aarch64",
								"x86_64"
							]
						},
						"affected": {
							"type": "rpm",
							"range": [
								{
									"lt": "1:21.0.3.0.9-1.0.1.el9"
								}
							],
							"fixed": [
								"1:21.0.3.0.9-1.0.1.el9"
							]
						}
					},
					{
						"vulnerable": true,
						"package": {
							"name": "java-21-openjdk-demo",
							"architectures": [
								"aarch64",
								"x86_64"
							]
						},
						"affected": {
							"type": "rpm",
							"range": [
								{
									"lt": "1:21.0.3.0.9-1.0.1.el9"
								}
							],
							"fixed": [
								"1:21.0.3.0.9-1.0.1.el9"
							]
						}
					},
					{
						"vulnerable": true,
						"package": {
							"name": "java-21-openjdk-demo-fastdebug",
							"architectures": [
								"aarch64",
								"x86_64"
							]
						},
						"affected": {
							"type": "rpm",
							"range": [
								{
									"lt": "1:21.0.3.0.9-1.0.1.el9"
								}
							],
							"fixed": [
								"1:21.0.3.0.9-1.0.1.el9"
							]
						}
					},
					{
						"vulnerable": true,
						"package": {
							"name": "java-21-openjdk-demo-slowdebug",
							"architectures": [
								"aarch64",
								"x86_64"
							]
						},
						"affected": {
							"type": "rpm",
							"range": [
								{
									"lt": "1:21.0.3.0.9-1.0.1.el9"
								}
							],
							"fixed": [
								"1:21.0.3.0.9-1.0.1.el9"
							]
						}
					},
					{
						"vulnerable": true,
						"package": {
							"name": "java-21-openjdk-devel",
							"architectures": [
								"aarch64",
								"x86_64"
							]
						},
						"affected": {
							"type": "rpm",
							"range": [
								{
									"lt": "1:21.0.3.0.9-1.0.1.el9"
								}
							],
							"fixed": [
								"1:21.0.3.0.9-1.0.1.el9"
							]
						}
					},
					{
						"vulnerable": true,
						"package": {
							"name": "java-21-openjdk-devel-fastdebug",
							"architectures": [
								"aarch64",
								"x86_64"
							]
						},
						"affected": {
							"type": "rpm",
							"range": [
								{
									"lt": "1:21.0.3.0.9-1.0.1.el9"
								}
							],
							"fixed": [
								"1:21.0.3.0.9-1.0.1.el9"
							]
						}
					},
					{
						"vulnerable": true,
						"package": {
							"name": "java-21-openjdk-devel-slowdebug",
							"architectures": [
								"aarch64",
								"x86_64"
							]
						},
						"affected": {
							"type": "rpm",
							"range": [
								{
									"lt": "1:21.0.3.0.9-1.0.1.el9"
								}
							],
							"fixed": [
								"1:21.0.3.0.9-1.0.1.el9"
							]
						}
					},
					{
						"vulnerable": true,
						"package": {
							"name": "java-21-openjdk-fastdebug",
							"architectures": [
								"aarch64",
								"x86_64"
							]
						},
						"affected": {
							"type": "rpm",
							"range": [
								{
									"lt": "1:21.0.3.0.9-1.0.1.el9"
								}
							],
							"fixed": [
								"1:21.0.3.0.9-1.0.1.el9"
							]
						}
					},
					{
						"vulnerable": true,
						"package": {
							"name": "java-21-openjdk-headless",
							"architectures": [
								"aarch64",
								"x86_64"
							]
						},
						"affected": {
							"type": "rpm",
							"range": [
								{
									"lt": "1:21.0.3.0.9-1.0.1.el9"
								}
							],
							"fixed": [
								"1:21.0.3.0.9-1.0.1.el9"
							]
						}
					},
					{
						"vulnerable": true,
						"package": {
							"name": "java-21-openjdk-headless-fastdebug",
							"architectures": [
								"aarch64",
								"x86_64"
							]
						},
						"affected": {
							"type": "rpm",
							"range": [
								{
									"lt": "1:21.0.3.0.9-1.0.1.el9"
								}
							],
							"fixed": [
								"1:21.0.3.0.9-1.0.1.el9"
							]
						}
					},
					{
						"vulnerable": true,
						"package": {
							"name": "java-21-openjdk-headless-slowdebug",
							"architectures": [
								"aarch64",
								"x86_64"
							]
						},
						"affected": {
							"type": "rpm",
							"range": [
								{
									"lt": "1:21.0.3.0.9-1.0.1.el9"
								}
							],
							"fixed": [
								"1:21.0.3.0.9-1.0.1.el9"
							]
						}
					},
					{
						"vulnerable": true,
						"package": {
							"name": "java-21-openjdk-javadoc",
							"architectures": [
								"aarch64",
								"x86_64"
							]
						},
						"affected": {
							"type": "rpm",
							"range": [
								{
									"lt": "1:21.0.3.0.9-1.0.1.el9"
								}
							],
							"fixed": [
								"1:21.0.3.0.9-1.0.1.el9"
							]
						}
					},
					{
						"vulnerable": true,
						"package": {
							"name": "java-21-openjdk-javadoc-zip",
							"architectures": [
								"aarch64",
								"x86_64"
							]
						},
						"affected": {
							"type": "rpm",
							"range": [
								{
									"lt": "1:21.0.3.0.9-1.0.1.el9"
								}
							],
							"fixed": [
								"1:21.0.3.0.9-1.0.1.el9"
							]
						}
					},
					{
						"vulnerable": true,
						"package": {
							"name": "java-21-openjdk-jmods",
							"architectures": [
								"aarch64",
								"x86_64"
							]
						},
						"affected": {
							"type": "rpm",
							"range": [
								{
									"lt": "1:21.0.3.0.9-1.0.1.el9"
								}
							],
							"fixed": [
								"1:21.0.3.0.9-1.0.1.el9"
							]
						}
					},
					{
						"vulnerable": true,
						"package": {
							"name": "java-21-openjdk-jmods-fastdebug",
							"architectures": [
								"aarch64",
								"x86_64"
							]
						},
						"affected": {
							"type": "rpm",
							"range": [
								{
									"lt": "1:21.0.3.0.9-1.0.1.el9"
								}
							],
							"fixed": [
								"1:21.0.3.0.9-1.0.1.el9"
							]
						}
					},
					{
						"vulnerable": true,
						"package": {
							"name": "java-21-openjdk-jmods-slowdebug",
							"architectures": [
								"aarch64",
								"x86_64"
							]
						},
						"affected": {
							"type": "rpm",
							"range": [
								{
									"lt": "1:21.0.3.0.9-1.0.1.el9"
								}
							],
							"fixed": [
								"1:21.0.3.0.9-1.0.1.el9"
							]
						}
					},
					{
						"vulnerable": true,
						"package": {
							"name": "java-21-openjdk-slowdebug",
							"architectures": [
								"aarch64",
								"x86_64"
							]
						},
						"affected": {
							"type": "rpm",
							"range": [
								{
									"lt": "1:21.0.3.0.9-1.0.1.el9"
								}
							],
							"fixed": [
								"1:21.0.3.0.9-1.0.1.el9"
							]
						}
					},
					{
						"vulnerable": true,
						"package": {
							"name": "java-21-openjdk-src",
							"architectures": [
								"aarch64",
								"x86_64"
							]
						},
						"affected": {
							"type": "rpm",
							"range": [
								{
									"lt": "1:21.0.3.0.9-1.0.1.el9"
								}
							],
							"fixed": [
								"1:21.0.3.0.9-1.0.1.el9"
							]
						}
					},
					{
						"vulnerable": true,
						"package": {
							"name": "java-21-openjdk-src-fastdebug",
							"architectures": [
								"aarch64",
								"x86_64"
							]
						},
						"affected": {
							"type": "rpm",
							"range": [
								{
									"lt": "1:21.0.3.0.9-1.0.1.el9"
								}
							],
							"fixed": [
								"1:21.0.3.0.9-1.0.1.el9"
							]
						}
					},
					{
						"vulnerable": true,
						"package": {
							"name": "java-21-openjdk-src-slowdebug",
							"architectures": [
								"aarch64",
								"x86_64"
							]
						},
						"affected": {
							"type": "rpm",
							"range": [
								{
									"lt": "1:21.0.3.0.9-1.0.1.el9"
								}
							],
							"fixed": [
								"1:21.0.3.0.9-1.0.1.el9"
							]
						}
					},
					{
						"vulnerable": true,
						"package": {
							"name": "java-21-openjdk-static-libs",
							"architectures": [
								"aarch64",
								"x86_64"
							]
						},
						"affected": {
							"type": "rpm",
							"range": [
								{
									"lt": "1:21.0.3.0.9-1.0.1.el9"
								}
							],
							"fixed": [
								"1:21.0.3.0.9-1.0.1.el9"
							]
						}
					},
					{
						"vulnerable": true,
						"package": {
							"name": "java-21-openjdk-static-libs-fastdebug",
							"architectures": [
								"aarch64",
								"x86_64"
							]
						},
						"affected": {
							"type": "rpm",
							"range": [
								{
									"lt": "1:21.0.3.0.9-1.0.1.el9"
								}
							],
							"fixed": [
								"1:21.0.3.0.9-1.0.1.el9"
							]
						}
					},
					{
						"vulnerable": true,
						"package": {
							"name": "java-21-openjdk-static-libs-slowdebug",
							"architectures": [
								"aarch64",
								"x86_64"
							]
						},
						"affected": {
							"type": "rpm",
							"range": [
								{
									"lt": "1:21.0.3.0.9-1.0.1.el9"
								}
							],
							"fixed": [
								"1:21.0.3.0.9-1.0.1.el9"
							]
						}
					}
				]
			}
		}
	],
	"data_source": "oracle"
}
