{
	"line": "abc2ps;cpe:/a:abc2ps:abc2ps",
	"package": "abc2ps",
	"cpe": "cpe:/a:abc2ps:abc2ps"
}
