{
  "id": "oval:org.opensuse.security:tst:2009627142",
  "version": "1",
  "comment": "fastjar is signed with openSUSE key",
  "check": "all",
  "xmlns": "http://oval.mitre.org/XMLSchema/oval-definitions-5#linux",
  "object": {
    "object_ref": "oval:org.opensuse.security:obj:2009037419"
  },
  "state": {
    "state_ref": "oval:org.opensuse.security:ste:2009051526"
  }
}
