{
  "id": "oval:com.ubuntu.jammy:var:2018120200000020",
  "version": "1",
  "datatype": "string",
  "comment": "'gnupg2' package binaries",
  "Value": [
    "dirmngr",
    "gnupg",
    "gnupg-agent",
    "gnupg-l10n",
    "gnupg-utils",
    "gnupg2",
    "gpg",
    "gpg-agent",
    "gpg-wks-client",
    "gpg-wks-server",
    "gpgconf",
    "gpgsm",
    "gpgv",
    "gpgv-static",
    "gpgv-win32",
    "gpgv2",
    "scdaemon"
  ]
}
