{
	"id": "oval:com.ubuntu.jammy:var:2018112120000020",
	"version": "1",
	"datatype": "string",
	"comment": "'libjpeg9' package binaries",
	"Value": [
		"libjpeg-progs",
		"libjpeg9"
	]
}
