{
	"id": "oval:com.ubuntu.jammy:var:2022281810000030",
	"version": "1",
	"datatype": "string",
	"comment": "'nvidia-graphics-drivers-440' package binaries",
	"Value": [
		"libnvidia-cfg1-430",
		"libnvidia-common-430",
		"libnvidia-common-440",
		"libnvidia-compute-430",
		"libnvidia-decode-430",
		"libnvidia-encode-430",
		"libnvidia-fbc1-430",
		"libnvidia-gl-430",
		"libnvidia-ifr1-430",
		"nvidia-compute-utils-430",
		"nvidia-dkms-430",
		"nvidia-driver-430",
		"nvidia-headless-430",
		"nvidia-headless-no-dkms-430",
		"nvidia-kernel-common-430",
		"nvidia-kernel-source-430",
		"nvidia-utils-430",
		"xserver-xorg-video-nvidia-430"
	]
}
