{
	"id": "oval:com.redhat.cve:obj:202237434001",
	"version": "636",
	"Name": "zlib-devel"
}
