{
	"id": "oval:com.redhat.cve:obj:20214231005",
	"version": "636",
	"Name": "firefox"
}
